# 2026-09-30 16:35:34.181 Port /dev/serial/by-id/usb-FTDI_FT232R_USB_UART_A97WEQGD-if00-port0 1200 8N1 eol=cr
# 2026-09-30 16:35:34.181 Lausche ... (Strg+C beendet), Log: /home/schnebeck/Documents/Projects/Sopho2SIP/logs/serial_20260930_163534.log
2026-09-30 16:35:47.211 << raw b'\x02\x120'
2026-09-30 16:35:47.212 << (unvollständig) b'\x02\x120'
2026-09-30 16:35:47.512 << raw b'\x01\x98l\r0101700000000'
2026-09-30 16:35:47.513 << b'\x01\x98l'
2026-09-30 16:35:48.214 << (unvollständig) b'0101700000000'
2026-09-30 16:35:53.127 << raw b'\x02\x03;\x01\n\x02\x021\x01'
2026-09-30 16:35:53.127 << b'\x02\x03;\x01'
2026-09-30 16:35:53.228 << (unvollständig) b'\x02\x021\x01'
2026-09-30 16:35:53.328 << raw b'\x02\x03;'
2026-09-30 16:35:53.630 << raw b'\x010'
2026-09-30 16:35:54.232 << (unvollständig) b'\x02\x03;\x010'
2026-09-30 16:36:15.296 << raw b'\x02\x03:\x010\x02\x052\x01\x98\x08\x00'
2026-09-30 16:36:15.296 << (unvollständig) b'\x02\x03:\x010\x02\x052\x01\x98\x08\x00'
2026-09-30 16:36:15.497 << raw b'\x02\x059\x01\x98\x08\x00'
2026-09-30 16:36:15.798 << raw b'\x02\x03:\x01'
2026-09-30 16:36:15.999 << raw b'\n'
2026-09-30 16:36:15.999 << b'\x02\x059\x01\x98\x08\x00\x02\x03:\x01'
2026-09-30 16:37:26.696 << raw b'\x02\x026\x01'
2026-09-30 16:37:26.897 << raw b'\x02\x03;\x01\n'
2026-09-30 16:37:26.897 << b'\x02\x026\x01\x02\x03;\x01'
2026-09-30 16:37:36.927 << raw b'\x02\x026\x01'
2026-09-30 16:37:37.529 << (unvollständig) b'\x02\x026\x01'
2026-09-30 16:37:42.540 << raw b'\x02'
2026-09-30 16:37:42.540 << (unvollständig) b'\x02'
2026-09-30 16:37:42.741 << raw b'\x059\x01\x98\x08\x00\x02\x03:\x01\n'
2026-09-30 16:37:42.741 << b'\x059\x01\x98\x08\x00\x02\x03:\x01'
2026-09-30 16:38:37.791 << raw b'\x02\x026\x01\x02\x03;\x01\n'
2026-09-30 16:38:37.791 << b'\x02\x026\x01\x02\x03;\x01'
2026-09-30 16:38:38.092 << raw b'\x02\x12\x19\x01\x98p\r010170000'
2026-09-30 16:38:38.093 << b'\x02\x12\x19\x01\x98p'
2026-09-30 16:38:38.293 << raw b'0000'
2026-09-30 16:38:38.695 << (unvollständig) b'0101700000000'
2026-09-30 16:38:43.911 << raw b'\x02\x02>\x01'
2026-09-30 16:38:44.714 << (unvollständig) b'\x02\x02>\x01'
2026-09-30 16:38:49.530 << raw b'\x02\x021'
2026-09-30 16:38:49.731 << (unvollständig) b'\x02\x021'
2026-09-30 16:38:49.832 << raw b'\x01\x02\x03;\x010'
2026-09-30 16:38:50.734 << (unvollständig) b'\x01\x02\x03;\x010'
2026-09-30 16:39:11.502 << raw b'\x02\x062\x01\x98\x08'
2026-09-30 16:39:11.703 << raw b'\x01\x8f\x02\x03:\x010'
2026-09-30 16:39:11.804 << (unvollständig) b'\x02\x062\x01\x98\x08\x01\x8f\x02\x03:\x010'
2026-09-30 16:39:19.927 << raw b'\x02\x059'
2026-09-30 16:39:20.128 << raw b'\x01\x98\x08\x00\x02\x03:\x01\n'
2026-09-30 16:39:20.128 << b'\x02\x059\x01\x98\x08\x00\x02\x03:\x01'
# 2026-09-30 16:45:34.933 Ende
